; KITAQGB symbol map
; Addr(CPU) Bank  Off   Kind Region Name
FF82     0  0002   S    HRAM     __rom_bank
FF83     0  0003   S    HRAM     __rom_bank_saved
FF84     0  0004   S    HRAM     __kq_sret_ptr
FF86     0  0006   S    HRAM     __kq_thunk_sp
FF87     0  0007   S    HRAM     __kq_thunk_bank_stack
FF8F     0  000F   S    HRAM     __kq_thunk_retlo_stack
FF97     0  0017   S    HRAM     __kq_thunk_rethi_stack
FF9F     0  001F   S    HRAM     __kq_critical_depth
FFA0     0  0020   S    HRAM     __kq_rng_lo
FFA1     0  0021   S    HRAM     __kq_rng_hi
0160     0  0160   S    ROM      ROM8
0168     0  0168   S    ROM      mix5
0188     0  0188   S    ROM      main
01C9     0  01C9   L    ROM      mul8_loop_0
01CF     0  01CF   L    ROM      mul8_skip_1
02D4     0  02D4   L    ROM      tern_false_3
02DC     0  02DC   L    ROM      tern_end_2
030B     0  030B   L    ROM      tern_false_5
030D     0  030D   L    ROM      tern_end_4
0382     0  0382   L    ROM      loop_top_6
0384     0  0384   L    ROM      loop_end_7
C000     0  0000   S    WRAM0    PAIRS
C010     0  0010   S    WRAM0    BUF
C030     0  0030   S    WRAM0    G0
C031     0  0031   S    WRAM0    G1
C032     0  0032   S    WRAM0    G2
