; KITAQGB symbol map
; Addr(CPU) Bank  Off   Kind Region Name
FF82     0  0002   S    HRAM     __rom_bank
FF83     0  0003   S    HRAM     __rom_bank_saved
FF84     0  0004   S    HRAM     __kq_sret_ptr
FF86     0  0006   S    HRAM     __kq_thunk_sp
FF87     0  0007   S    HRAM     __kq_thunk_bank_stack
FF8F     0  000F   S    HRAM     __kq_thunk_retlo_stack
FF97     0  0017   S    HRAM     __kq_thunk_rethi_stack
FF9F     0  001F   S    HRAM     __kq_critical_depth
FFA0     0  0020   S    HRAM     __kq_rng_lo
FFA1     0  0021   S    HRAM     __kq_rng_hi
0160     0  0160   S    ROM      put16
0197     0  0197   S    ROM      main
01FB     0  01FB   L    ROM      div_nonzero_1
0200     0  0200   L    ROM      div_loop_2
0210     0  0210   L    ROM      div_noin_3
021E     0  021E   L    ROM      div_borrow_4
0223     0  0223   L    ROM      div_after_5
0229     0  0229   L    ROM      div_end_0
0252     0  0252   L    ROM      div_nonzero_7
0257     0  0257   L    ROM      div_loop_8
0267     0  0267   L    ROM      div_noin_9
0275     0  0275   L    ROM      div_borrow_10
027A     0  027A   L    ROM      div_after_11
027E     0  027E   L    ROM      div_end_6
0398     0  0398   L    ROM      div_nonzero_13
039D     0  039D   L    ROM      div_loop_14
03AD     0  03AD   L    ROM      div_noin_15
03BB     0  03BB   L    ROM      div_borrow_16
03C0     0  03C0   L    ROM      div_after_17
03C6     0  03C6   L    ROM      div_end_12
0400     0  0400   L    ROM      div_nonzero_19
0405     0  0405   L    ROM      div_loop_20
0415     0  0415   L    ROM      div_noin_21
0423     0  0423   L    ROM      div_borrow_22
0428     0  0428   L    ROM      div_after_23
042C     0  042C   L    ROM      div_end_18
0515     0  0515   L    ROM      div_nonzero_25
052D     0  052D   L    ROM      div_absde_done_26
053C     0  053C   L    ROM      div_absbc_done_27
0541     0  0541   L    ROM      div_loop_28
0551     0  0551   L    ROM      div_noin_29
055F     0  055F   L    ROM      div_borrow_30
0564     0  0564   L    ROM      div_after_31
0576     0  0576   L    ROM      div_qsign_done_32
0581     0  0581   L    ROM      div_rsign_done_33
0583     0  0583   L    ROM      div_end_24
05BF     0  05BF   L    ROM      div_nonzero_35
05D7     0  05D7   L    ROM      div_absde_done_36
05E6     0  05E6   L    ROM      div_absbc_done_37
05EB     0  05EB   L    ROM      div_loop_38
05FB     0  05FB   L    ROM      div_noin_39
0609     0  0609   L    ROM      div_borrow_40
060E     0  060E   L    ROM      div_after_41
0620     0  0620   L    ROM      div_qsign_done_42
062B     0  062B   L    ROM      div_end_34
062B     0  062B   L    ROM      div_rsign_done_43
067B     0  067B   L    ROM      else_45
068A     0  068A   L    ROM      end_if_44
06AC     0  06AC   L    ROM      cmp16_skip_48
06C1     0  06C1   L    ROM      else_47
06D0     0  06D0   L    ROM      end_if_46
0723     0  0723   L    ROM      mul8_loop_49
0729     0  0729   L    ROM      mul8_skip_50
0754     0  0754   L    ROM      div_nonzero_52
0759     0  0759   L    ROM      div_loop_53
0769     0  0769   L    ROM      div_noin_54
0777     0  0777   L    ROM      div_borrow_55
077C     0  077C   L    ROM      div_after_56
0782     0  0782   L    ROM      div_end_51
079D     0  079D   L    ROM      div_nonzero_58
07A2     0  07A2   L    ROM      div_loop_59
07B2     0  07B2   L    ROM      div_noin_60
07C0     0  07C0   L    ROM      div_borrow_61
07C5     0  07C5   L    ROM      div_after_62
07C9     0  07C9   L    ROM      div_end_57
086C     0  086C   L    ROM      loop_top_63
086E     0  086E   L    ROM      loop_end_64
C000     0  0000   S    WRAM0    arith_done
C001     0  0001   S    WRAM0    arith_results
