; KITAQGB symbol map
; Addr(CPU) Bank  Off   Kind Region Name
FF82     0  0002   S    HRAM     __rom_bank
FF83     0  0003   S    HRAM     __rom_bank_saved
FF84     0  0004   S    HRAM     __kq_sret_ptr
FF86     0  0006   S    HRAM     __kq_thunk_sp
FF87     0  0007   S    HRAM     __kq_thunk_bank_stack
FF8F     0  000F   S    HRAM     __kq_thunk_retlo_stack
FF97     0  0017   S    HRAM     __kq_thunk_rethi_stack
FF9F     0  001F   S    HRAM     __kq_critical_depth
FFA0     0  0020   S    HRAM     __kq_rng_lo
FFA1     0  0021   S    HRAM     __kq_rng_hi
0160     0  0160   S    ROM      __kq_thunk_b2_kq3d_body_init
0180     0  0180   S    ROM      __kq_thunk_b2_kq3d_integrate_body
01A0     0  01A0   S    ROM      __kq_thunk_b2_kq3d_overlap_sphere_aabb
01C0     0  01C0   S    ROM      __kq_thunk_b2_kq3d_step
01E0     0  01E0   S    ROM      __kq_thunk_b2_kq3d_world_init
0200     0  0200   S    ROM      main
4000     2  0000   S    ROM      kq3d_add_s16_asm
401A     2  001A   S    ROM      kq3d_abs_s16_asm
4032     2  0032   S    ROM      kq3d_clamp_abs_s16_asm
40D0     2  00D0   S    ROM      kq3d__abs_s16
40F4     2  00F4   S    ROM      kq3d__record_impact
4151     2  0151   S    ROM      kq3d__bounce_axis
4824     2  0824   S    ROM      kq3d_world_init
48D0     2  08D0   S    ROM      kq3d_body_set_mass
4A5E     2  0A5E   S    ROM      kq3d_body_init
4C21     2  0C21   S    ROM      kq3d_overlap_aabb
4E07     2  0E07   S    ROM      kq3d_overlap_sphere_aabb
55E2     2  15E2   S    ROM      __kq_static_0_kq3d__clamp_s16
5647     2  1647   S    ROM      __kq_static_1_kq3d__bounce_normal
5D0A     2  1D0A   S    ROM      __kq_static_2_kq3d__resolve_sphere_box
6B43     2  2B43   S    ROM      kq3d__resolve_pair
7518     2  3518   S    ROM      __kq_static_3_kq3d__integrate_body
7862     2  3862   S    ROM      kq3d_integrate_body
788B     2  388B   S    ROM      kq3d_step
4000     3  0000   S    ROM      kq3d_dot_q8_8
4024     3  0024   L    ROM      __sdot3_x_absA_0
402C     3  002C   L    ROM      __sdot3_x_absB_1
4039     3  0039   L    ROM      __sdot3_x_umul_hi_loop_2
403F     3  003F   L    ROM      __sdot3_x_umul_hi_skip_3
4057     3  0057   L    ROM      __sdot3_x_umul_lo_loop_4
405D     3  005D   L    ROM      __sdot3_x_umul_lo_skip_5
407E     3  007E   L    ROM      __sdot3_x_sign_6
40A3     3  00A3   L    ROM      __sdot3_y_absA_7
40AB     3  00AB   L    ROM      __sdot3_y_absB_8
40B8     3  00B8   L    ROM      __sdot3_y_umul_hi_loop_9
40BE     3  00BE   L    ROM      __sdot3_y_umul_hi_skip_10
40D6     3  00D6   L    ROM      __sdot3_y_umul_lo_loop_11
40DC     3  00DC   L    ROM      __sdot3_y_umul_lo_skip_12
40FD     3  00FD   L    ROM      __sdot3_y_sign_13
4124     3  0124   L    ROM      __sdot3_z_absA_14
412C     3  012C   L    ROM      __sdot3_z_absB_15
4139     3  0139   L    ROM      __sdot3_z_umul_hi_loop_16
413F     3  013F   L    ROM      __sdot3_z_umul_hi_skip_17
4157     3  0157   L    ROM      __sdot3_z_umul_lo_loop_18
415D     3  015D   L    ROM      __sdot3_z_umul_lo_skip_19
417E     3  017E   L    ROM      __sdot3_z_sign_20
C030     0  0030   S    WRAM0    kq3d_asm_value
C032     0  0032   S    WRAM0    kq3d_asm_operand
C034     0  0034   S    WRAM0    kq3d_asm_limit
C036     0  0036   S    WRAM0    kq3d_asm_tmp
C066     0  0066   S    WRAM0    bodies
C0AE     0  00AE   S    WRAM0    world
C0BC     0  00BC   S    WRAM0    results
C0FC     0  00FC   S    WRAM0    done
