C:\kitaqgb_project\publish\github_20260912\kitaqgb\lib\entity.c (line 14, column 23) warning KQ2410: array index 'i' has type uint8 which is not __safe_index; consider '__safe_index' or cast explicitly to silence
          entity_pool[i].active = 0;
                        ^
C:\kitaqgb_project\publish\github_20260912\kitaqgb\lib\entity.c (line 15, column 23) warning KQ2410: array index 'i' has type uint8 which is not __safe_index; consider '__safe_index' or cast explicitly to silence
          entity_pool[i].type = 0;
                        ^
C:\kitaqgb_project\publish\github_20260912\kitaqgb\lib\entity.c (line 16, column 23) warning KQ2410: array index 'i' has type uint8 which is not __safe_index; consider '__safe_index' or cast explicitly to silence
          entity_pool[i].x = 0;
                        ^
C:\kitaqgb_project\publish\github_20260912\kitaqgb\lib\entity.c (line 17, column 23) warning KQ2410: array index 'i' has type uint8 which is not __safe_index; consider '__safe_index' or cast explicitly to silence
          entity_pool[i].y = 0;
                        ^
C:\kitaqgb_project\publish\github_20260912\kitaqgb\lib\entity.c (line 18, column 23) warning KQ2410: array index 'i' has type uint8 which is not __safe_index; consider '__safe_index' or cast explicitly to silence
          entity_pool[i].vx = 0;
                        ^
C:\kitaqgb_project\publish\github_20260912\kitaqgb\lib\entity.c (line 19, column 23) warning KQ2410: array index 'i' has type uint8 which is not __safe_index; consider '__safe_index' or cast explicitly to silence
          entity_pool[i].vy = 0;
                        ^
C:\kitaqgb_project\publish\github_20260912\kitaqgb\lib\entity.c (line 20, column 23) warning KQ2410: array index 'i' has type uint8 which is not __safe_index; consider '__safe_index' or cast explicitly to silence
          entity_pool[i].state = 0;
                        ^
C:\kitaqgb_project\publish\github_20260912\kitaqgb\lib\entity.c (line 21, column 23) warning KQ2410: array index 'i' has type uint8 which is not __safe_index; consider '__safe_index' or cast explicitly to silence
          entity_pool[i].timer = 0;
                        ^
C:\kitaqgb_project\publish\github_20260912\kitaqgb\lib\entity.c (line 22, column 23) warning KQ2410: array index 'i' has type uint8 which is not __safe_index; consider '__safe_index' or cast explicitly to silence
          entity_pool[i].sprite = 0xFF;
                        ^
C:\kitaqgb_project\publish\github_20260912\kitaqgb\lib\entity.c (line 31, column 27) warning KQ2410: array index 'i' has type uint8 which is not __safe_index; consider '__safe_index' or cast explicitly to silence
          if (entity_pool[i].active == 0) {
                            ^
C:\kitaqgb_project\publish\github_20260912\kitaqgb\lib\entity.c (line 32, column 27) warning KQ2410: array index 'i' has type uint8 which is not __safe_index; consider '__safe_index' or cast explicitly to silence
              entity_pool[i].active = 1;
                            ^
C:\kitaqgb_project\publish\github_20260912\kitaqgb\lib\entity.c (line 33, column 27) warning KQ2410: array index 'i' has type uint8 which is not __safe_index; consider '__safe_index' or cast explicitly to silence
              entity_pool[i].type = type;
                            ^
C:\kitaqgb_project\publish\github_20260912\kitaqgb\lib\entity.c (line 34, column 27) warning KQ2410: array index 'i' has type uint8 which is not __safe_index; consider '__safe_index' or cast explicitly to silence
              entity_pool[i].x = x;
                            ^
C:\kitaqgb_project\publish\github_20260912\kitaqgb\lib\entity.c (line 35, column 27) warning KQ2410: array index 'i' has type uint8 which is not __safe_index; consider '__safe_index' or cast explicitly to silence
              entity_pool[i].y = y;
                            ^
C:\kitaqgb_project\publish\github_20260912\kitaqgb\lib\entity.c (line 36, column 27) warning KQ2410: array index 'i' has type uint8 which is not __safe_index; consider '__safe_index' or cast explicitly to silence
              entity_pool[i].vx = 0;
                            ^
C:\kitaqgb_project\publish\github_20260912\kitaqgb\lib\entity.c (line 37, column 27) warning KQ2410: array index 'i' has type uint8 which is not __safe_index; consider '__safe_index' or cast explicitly to silence
              entity_pool[i].vy = 0;
                            ^
C:\kitaqgb_project\publish\github_20260912\kitaqgb\lib\entity.c (line 38, column 27) warning KQ2410: array index 'i' has type uint8 which is not __safe_index; consider '__safe_index' or cast explicitly to silence
              entity_pool[i].state = 0;
                            ^
C:\kitaqgb_project\publish\github_20260912\kitaqgb\lib\entity.c (line 39, column 27) warning KQ2410: array index 'i' has type uint8 which is not __safe_index; consider '__safe_index' or cast explicitly to silence
              entity_pool[i].timer = 0;
                            ^
C:\kitaqgb_project\publish\github_20260912\kitaqgb\lib\entity.c (line 40, column 27) warning KQ2410: array index 'i' has type uint8 which is not __safe_index; consider '__safe_index' or cast explicitly to silence
              entity_pool[i].sprite = 0xFF;
                            ^
C:\kitaqgb_project\publish\github_20260912\kitaqgb\lib\entity.c (line 51, column 20) warning KQ2410: array index 'id' has type uint8 which is not __safe_index; consider '__safe_index' or cast explicitly to silence
      entity_pool[id].active = 0;
                     ^
C:\kitaqgb_project\publish\github_20260912\kitaqgb\lib\entity.c (line 57, column 24) warning KQ2410: array index 'id' has type uint8 which is not __safe_index; consider '__safe_index' or cast explicitly to silence
      if (entity_pool[id].active == 0) return 0;
                         ^
C:\kitaqgb_project\publish\github_20260912\kitaqgb\lib\entity.c (line 58, column 45) warning KQ2410: array index '__t8_0' has type uint8 which is not __safe_index; consider '__safe_index' or cast explicitly to silence
      return &entity_pool[(__safe_index u8)id];
                                              ^
C:\kitaqgb_project\publish\github_20260912\kitaqgb\lib\entity.c (line 66, column 27) warning KQ2410: array index 'i' has type uint8 which is not __safe_index; consider '__safe_index' or cast explicitly to silence
          if (entity_pool[i].active != 0) {
                            ^
C:\kitaqgb_project\publish\github_20260912\kitaqgb\lib\entity.c (line 83, column 27) warning KQ2410: array index 'i' has type uint8 which is not __safe_index; consider '__safe_index' or cast explicitly to silence
          if (entity_pool[i].active != 0) count++;
                            ^
C:\kitaqgb_project\publish\github_20260912\kitaqgb\lib\entity.c (line 52, column 2) warning KQ2417: unused function 'entity_destroy'
  }
   ^
  hint: The symbol is unused. Remove it or add a real use-site.
C:\kitaqgb_project\publish\github_20260912\kitaqgb\lib\entity.c (line 76, column 2) warning KQ2417: unused function 'entity_draw_all'
  }
   ^
  hint: The symbol is unused. Remove it or add a real use-site.
[KITAQGB] RST disabled (default/--rst-disable)
13977 bytes padding inserted at 0967
Assembly complete. Size: 18145 bytes used (ROM=32768 bytes).
[report] debug metadata: C:\kitaqgb_project\publish\github_20260912\kitaqgb\examples\out\gb_entity\program.dbg2.json
[report] build report: C:\kitaqgb_project\publish\github_20260912\kitaqgb\examples\out\gb_entity\program.build_report.json
